Time[ps]      Etot[eV]     Epot[eV]     Ekin[eV]    T[K]
0.1000        -325.4167    -328.1086       2.6919   325.4
Time[ps]      Etot[eV]     Epot[eV]     Ekin[eV]    T[K]      ---------------------- stress [GPa] -----------------------
0.1000        -325.4167    -328.1086       2.6919   325.4     -0.220     -0.139      0.099     -0.521     -0.147     -0.108
0.2000        -329.8152    -331.7022       1.8870   228.1
0.2000        -329.8152    -331.7022       1.8870   228.1     -0.035     -0.127     -0.094      0.671     -0.059     -0.017
0.3000        -323.9188    -327.2692       3.3504   405.0
0.3000        -323.9188    -327.2692       3.3504   405.0     -0.705     -0.821     -0.518     -1.289      0.026      0.096
0.4000        -330.0651    -332.3461       2.2809   275.7
0.4000        -330.0651    -332.3461       2.2809   275.7      0.029      0.033      0.028      0.498     -0.130     -0.176
0.5000        -326.2091    -329.6599       3.4508   417.1
0.5000        -326.2091    -329.6599       3.4508   417.1      0.141      0.361      0.259      0.050     -0.029      0.038
0.6000        -330.1941    -331.9204       1.7263   208.7
0.6000        -330.1941    -331.9204       1.7263   208.7      0.174      0.176      0.246     -0.449     -0.063     -0.142
0.7000        -325.4193    -327.7919       2.3726   286.8
0.7000        -325.4193    -327.7919       2.3726   286.8     -0.417     -0.326     -0.241      1.221     -0.060      0.088
0.8000        -329.7727    -332.0142       2.2414   270.9
0.8000        -329.7727    -332.0142       2.2414   270.9     -0.088     -0.073     -0.102     -0.808      0.118     -0.002
0.9000        -326.2682    -329.1082       2.8399   343.3
0.9000        -326.2682    -329.1082       2.8399   343.3     -0.072     -0.064     -0.166      0.574     -0.242      0.101
1.0000        -330.6564    -332.1096       1.4532   175.7
1.0000        -330.6564    -332.1096       1.4532   175.7      0.179      0.195      0.134     -0.257      0.234     -0.079
1.1000        -326.6031    -328.9955       2.3924   289.2
1.1000        -326.6031    -328.9955       2.3924   289.2      0.330      0.302      0.050     -0.691     -0.272      0.334
1.2000        -329.7138    -331.7435       2.0297   245.3
1.2000        -329.7138    -331.7435       2.0297   245.3      0.305      0.363      0.316      0.516      0.092      0.071
1.3000        -324.5489    -328.2536       3.7047   447.8
1.3000        -324.5489    -328.2536       3.7047   447.8     -0.001     -0.236     -0.217     -0.797      0.408     -0.510
1.4000        -329.9962    -331.9734       1.9772   239.0
1.4000        -329.9962    -331.9734       1.9772   239.0     -0.161     -0.103     -0.145      0.106     -0.451      0.115
1.5000        -326.6667    -328.9725       2.3057   278.7
1.5000        -326.6667    -328.9725       2.3057   278.7      0.000     -0.427     -0.194      0.432      0.650     -0.140
1.6000        -329.9658    -331.8896       1.9238   232.5
1.6000        -329.9658    -331.8896       1.9238   232.5      0.082     -0.065     -0.034     -0.158     -0.230      0.043
1.7000        -325.4329    -328.7537       3.3208   401.4
1.7000        -325.4329    -328.7537       3.3208   401.4      0.025      0.091      0.189      0.295     -0.433      0.384
1.8000        -329.5365    -331.7361       2.1996   265.9
1.8000        -329.5365    -331.7361       2.1996   265.9      0.243      0.218      0.352      0.366      0.381     -0.451
1.9000        -326.4747    -328.9167       2.4419   295.2
1.9000        -326.4747    -328.9167       2.4419   295.2     -0.049     -0.102      0.192     -0.526     -0.791      0.423
2.0000        -329.7516    -331.7433       1.9917   240.8
2.0000        -329.7516    -331.7433       1.9917   240.8     -0.107     -0.165     -0.128      0.673      0.186     -0.133
2.1000        -326.7202    -329.5202       2.7999   338.5
2.1000        -326.7202    -329.5202       2.7999   338.5     -0.263     -0.544     -0.151     -0.375     -0.129     -0.221
2.2000        -329.0175    -331.4572       2.4396   294.9
2.2000        -329.0175    -331.4572       2.4396   294.9      0.161      0.029     -0.122      0.105     -0.415      0.258
2.3000        -325.9436    -328.9369       2.9932   361.8
2.3000        -325.9436    -328.9369       2.9932   361.8     -0.032      0.196     -0.044      0.156      0.902     -0.386
