                               | TRAIN_____________________________| VALID_____________________________| 
MM/DD/YYYY HH/MM/SS    EPOCH   | LOSS       MSE_E      MSE_F       | LOSS       MSE_E      MSE_F       | LR   
--------------------------------------------------------------------------------------------------------------
12/13/2025 23:22:11    2       | 2.2917     0.0016703  0.0229      | 1.0646     0.00068417 0.01064     | 0.01 
12/13/2025 23:22:39    4       | 1.1753     0.00074881 0.011745    | 0.57226    0.00035139 0.0057191   | 0.01 
12/13/2025 23:23:07    6       | 0.84327    0.00060245 0.0084267   | 0.42197    0.00030794 0.0042166   | 0.01 
12/13/2025 23:23:35    8       | 0.67541    0.00053455 0.0067488   | 0.34779    0.00030224 0.0034749   | 0.01 
12/13/2025 23:24:03    10      | 0.57124    0.00049081 0.0057075   | 0.30491    0.00030786 0.003046    | 0.01 
12/13/2025 23:24:31    12      | 0.50475    0.00044733 0.005043    | 0.27671    0.00030034 0.0027641   | 0.01 
12/13/2025 23:24:59    14      | 0.46111    0.0004051  0.0046071   | 0.25591    0.00028363 0.0025562   | 0.01 
12/13/2025 23:25:27    16      | 0.4291     0.00036484 0.0042874   | 0.2394     0.00026529 0.0023914   | 0.01 
12/13/2025 23:25:56    18      | 0.41861    0.00033169 0.0041828   | 0.227      0.00025449 0.0022674   | 0.01 
12/13/2025 23:26:24    20      | 0.37004    0.00029261 0.0036974   | 0.21672    0.00025359 0.0021647   | 0.01 
12/13/2025 23:26:52    22      | 0.34199    0.00026706 0.0034172   | 0.20627    0.00025138 0.0020602   | 0.01 
12/13/2025 23:27:20    24      | 0.32361    0.00024643 0.0032336   | 0.19629    0.00024527 0.0019605   | 0.01 
12/13/2025 23:27:48    26      | 0.30844    0.00022875 0.0030821   | 0.18794    0.00023717 0.001877    | 0.01 
12/13/2025 23:28:17    28      | 0.2949     0.00021368 0.0029468   | 0.18069    0.00022862 0.0018046   | 0.01 
12/13/2025 23:28:45    30      | 0.28358    0.00020093 0.0028338   | 0.17428    0.00022098 0.0017406   | 0.01 
12/13/2025 23:29:13    32      | 0.27327    0.00018997 0.0027308   | 0.16859    0.00021517 0.0016838   | 0.01 
12/13/2025 23:29:41    34      | 0.2632     0.00017965 0.0026302   | 0.16358    0.00021075 0.0016337   | 0.01 
12/13/2025 23:30:09    36      | 0.25527    0.00017077 0.002551    | 0.15916    0.00020678 0.0015896   | 0.01 
12/13/2025 23:30:36    38      | 0.24978    0.00016421 0.0024961   | 0.15522    0.00020306 0.0015502   | 0.01 
12/13/2025 23:31:04    40      | 0.24555    0.00015939 0.0024539   | 0.15162    0.00019976 0.0015142   | 0.01 
12/13/2025 23:31:32    42      | 0.23914    0.00015574 0.0023899   | 0.14814    0.00019693 0.0014794   | 0.01 
12/13/2025 23:32:00    44      | 0.22859    0.00015304 0.0022844   | 0.14463    0.00019447 0.0014444   | 0.01 
12/13/2025 23:32:28    46      | 0.21774    0.0001503  0.0021759   | 0.14113    0.00019215 0.0014094   | 0.01 
12/13/2025 23:32:56    48      | 0.20844    0.0001473  0.0020829   | 0.13772    0.00018991 0.0013753   | 0.01 
12/13/2025 23:33:25    50      | 0.20034    0.00014421 0.002002    | 0.13448    0.00018784 0.0013429   | 0.01 
12/13/2025 23:33:53    52      | 0.19315    0.00014128 0.00193     | 0.13142    0.00018593 0.0013124   | 0.01 
12/13/2025 23:34:21    54      | 0.18675    0.00013874 0.0018661   | 0.12857    0.00018413 0.0012839   | 0.01 
12/13/2025 23:34:49    56      | 0.18096    0.00013668 0.0018082   | 0.12592    0.00018242 0.0012574   | 0.01 
12/13/2025 23:35:17    58      | 0.17562    0.00013509 0.0017549   | 0.12345    0.00018084 0.0012327   | 0.01 
12/13/2025 23:35:45    60      | 0.17064    0.00013385 0.0017051   | 0.12113    0.00017946 0.0012096   | 0.01 
12/13/2025 23:36:13    62      | 0.16597    0.00013286 0.0016584   | 0.11897    0.00017833 0.0011879   | 0.01 
12/13/2025 23:36:41    64      | 0.1616     0.00013201 0.0016146   | 0.11695    0.00017751 0.0011678   | 0.01 
12/13/2025 23:37:09    66      | 0.15751    0.00013125 0.0015738   | 0.11507    0.00017702 0.001149    | 0.01 
12/13/2025 23:37:37    68      | 0.1537     0.00013056 0.0015357   | 0.11332    0.00017689 0.0011315   | 0.01 
12/13/2025 23:38:05    70      | 0.15016    0.00012993 0.0015003   | 0.1117     0.00017712 0.0011152   | 0.01 
12/13/2025 23:38:33    72      | 0.14684    0.00012934 0.0014671   | 0.11019    0.00017769 0.0011001   | 0.01 
12/13/2025 23:39:01    74      | 0.1437     0.00012877 0.0014357   | 0.10879    0.00017858 0.0010861   | 0.01 
12/13/2025 23:39:29    76      | 0.1407     0.00012821 0.0014057   | 0.10749    0.00017972 0.0010731   | 0.01 
12/13/2025 23:39:57    78      | 0.13781    0.00012766 0.0013769   | 0.10629    0.00018106 0.0010611   | 0.01 
12/13/2025 23:40:26    80      | 0.13504    0.00012711 0.0013491   | 0.10518    0.00018254 0.00105     | 0.01 
12/13/2025 23:40:54    82      | 0.13238    0.00012655 0.0013225   | 0.10414    0.0001841  0.0010396   | 0.01 
12/13/2025 23:41:22    84      | 0.12985    0.000126   0.0012972   | 0.10318    0.0001857  0.0010299   | 0.01 
12/13/2025 23:41:50    86      | 0.12746    0.00012545 0.0012733   | 0.10228    0.00018733 0.0010209   | 0.01 
12/13/2025 23:42:18    88      | 0.12521    0.00012492 0.0012508   | 0.10143    0.00018896 0.0010124   | 0.01 
12/13/2025 23:42:45    90      | 0.12312    0.00012441 0.0012299   | 0.10064    0.00019059 0.0010045   | 0.01 
12/13/2025 23:43:13    92      | 0.12119    0.00012393 0.0012107   | 0.099896   0.00019223 0.00099704  | 0.01 
12/13/2025 23:43:41    94      | 0.11944    0.00012347 0.0011932   | 0.099195   0.00019387 0.00099001  | 0.01 
12/13/2025 23:44:09    96      | 0.11787    0.00012305 0.0011775   | 0.098535   0.00019553 0.00098339  | 0.01 
12/13/2025 23:44:37    98      | 0.11649    0.00012265 0.0011636   | 0.097913   0.00019719 0.00097716  | 0.01 
12/13/2025 23:45:05    100     | 0.11529    0.00012229 0.0011517   | 0.097329   0.0001989  0.0009713   | 0.01 
--------------------------------------------------------------------------------------------------------------

* NUMBER OF PARAMETERS: 
 - MODEL(TOTAL)   358592
 --- HIDDEN.      32x0e+16x1o+8x2e
 --- FEATS. DIM.  64
 --- RADI. BASIS. 8

* SEED NUMBER:
 - DATA_SEED      10
 - INIT_SEED      11

* DATA INFO:
 - N(TRAIN)       450
 - N(VALID)       50
 - BATCH          2
 - CUTOFF         6.0
 - AVG. NEIGH.    26

* ELAPSED TIME:
 - 0 DAYS, 0 HOURS, 23 MINUTES, and 27 SECONDS
 -- DAYS          0.0162847222   
 -- HOURS         0.390833333    
 -- MINUTES       23.45          
 -- SECONDS       1407           

--------------------------------------------------------------------------------------------------------------
 
{'NN': {'cosine_sim': False,
        'data_seed': 10,
        'energy_grad_loss': True,
        'energy_grad_mult': 10,
        'enr_lambda': 1,
        'fname_pkl': 'model.pkl',
        'frc_lambda': 100,
        'init_seed': 11,
        'l2_lambda': 0.0,
        'learning_rate': 0.01,
        'loss_config': {'energy_loss': 'mse', 'force_loss': 'mse'},
        'nepoch': 100,
        'nsave': 5,
        'restart': False,
        'weight_decay': 0},
 'active_fn': 'identity',
 'avg_num_neighbors': 26,
 'cueq_config': False,
 'cutoff': 6.0,
 'device': 'gpu',
 'element': 'auto',
 'features_dim': 64,
 'fname_traj': '../dataset/train_300K.xyz',
 'gpu-parallel': False,
 'hidden_channels': '32x0e+16x1o+8x2e',
 'log_config': {'lr': ['lr'],
                'step': ['date', 'epoch'],
                'train': ['loss', 'loss_e', 'loss_f'],
                'valid': ['loss', 'loss_e', 'loss_f']},
 'log_interval': 2,
 'log_length': 'simple',
 'max_ell': 2,
 'model': 'race',
 'nbatch': 2,
 'nlayers': 3,
 'ntrain': 450,
 'num_radial_basis': 8,
 'num_species': 4,
 'nvalid': 50,
 'output_channels': '1x0e',
 'pbc': True,
 'predict': {'evaluate_tag': False,
             'fname_plog': 'predict.out',
             'fname_traj': '../dataset/test_300K.xyz',
             'loss_config': {'energy_loss': 'rmse', 'force_loss': 'rmse'},
             'model': 'model.pkl',
             'ndata': '../dataset/test_300K.xyz'},
 'regress_forces': True,
 'scheduler': {'decay_factor': 0.9,
               'lr_gamma': 0.1,
               'lr_init': 0.01,
               'max_steps': 30,
               'patience': 50,
               'scheduler': 'ReduceLROnPlateau',
               'threshold': 0.0001,
               'warmup_factor': 0.2,
               'warmup_steps': 10},
 'train': {'fname_log': 'loss_train.out'},
 'trainer': 'base'}
